// Jest Snapshot v1, https://goo.gl/fbAQLP

exports[`MenuItemTextField should not change the menu's keyboard focus behavior while there is no value 1`] = `
<div
  aria-labelledby="dropdown-menu"
  class="rmd-menu rmd-menu--elevated"
  id="dropdown-menu-menu"
  role="menu"
  style="left: 16px; top: 0px; position: fixed; transform-origin: 0 0;"
  tabindex="-1"
>
  <ul
    class="rmd-list"
    role="none"
  >
    <li
      class="rmd-list-item rmd-list-item--clickable rmd-menu-item"
      role="menuitem"
      tabindex="-1"
    >
      <span
        class="rmd-list-item__text"
      >
        Before
      </span>
      <span
        class="rmd-ripple-container"
      />
    </li>
    <li
      class="rmd-list-item rmd-menu-item"
      data-testid="li"
      role="none"
    >
      <div
        class="rmd-text-field-container rmd-text-field-container--stretch rmd-text-field-container--outline rmd-text-field-container--hoverable rmd-text-field-container--label"
      >
        <label
          class="rmd-label rmd-floating-label"
          for="text-field"
        >
          Label
        </label>
        <input
          class="rmd-text-field rmd-text-field--floating"
          id="text-field"
          placeholder="Placeholder"
          type="text"
        />
      </div>
    </li>
    <li
      class="rmd-list-item rmd-list-item--clickable rmd-menu-item"
      role="menuitem"
      tabindex="-1"
    >
      <span
        class="rmd-list-item__text"
      >
        After
      </span>
      <span
        class="rmd-ripple-container"
      />
    </li>
  </ul>
</div>
`;
