// Jest Snapshot v1, https://goo.gl/fbAQLP

exports[`MenuItemLink should pass props correctly 1`] = `
<a
  class="rmd-list-item rmd-list-item--clickable rmd-list-item--link rmd-menu-item custom"
  href="#heading"
  role="menuitem"
  tabindex="0"
>
  Link
</a>
`;
