// Jest Snapshot v1, https://goo.gl/fbAQLP

exports[`FixedDialog should disable the overlay and scroll lock behavior by default 1`] = `
<body>
  <div>
    <button
      type="button"
    >
      Fixed To
    </button>
  </div>
  <span
    class="rmd-overlay rmd-overlay--visible rmd-overlay--clickable rmd-dialog-overlay"
    id="dialog-overlay"
    tabindex="-1"
  />
  <div
    aria-label="Label"
    aria-modal="true"
    class="rmd-dialog rmd-dialog--fixed"
    id="dialog"
    role="dialog"
    tabindex="-1"
  />
</body>
`;
